// Vitest Snapshot v1, https://vitest.dev/guide/snapshot.html

exports[`reporter > should test the error output 1`] = `
[Error: Errors found while parsing environment:
[CONFIG_OBJECT]: This is a very special object that holds configuration.
  ✖ Invalid input: expected string, received number
  → at a
  ✖ Invalid input: expected number, received undefined
  → at b
  ✖ Invalid input: expected string, received number
  → at c.d
    (received "{\\"a\\":123,\\"c\\":{\\"d\\":21}}")

[FOO]:
  ✖ Invalid input: expected number, received string
    (received "bar")

[DO_NOT_USE_LEGACY]:
  ✖ This var is deprecated.
    (received "this value shall not exist")

[DO_NOT_USE_THIS_KEY]:
  ✖ This var is deprecated.
    (received "this value shall not exist")

[SOME_WITH_DEPRECATED_DESCRIPTION]: Some description
  ✖ Invalid input: expected string, received undefined
    (received undefined)

[SOME_WITH_DEPRECATED_DESCRIPTION_AND_NEW_DESCRIPTION]: New description
  ✖ Invalid input: expected string, received undefined
    (received undefined)

[PORT]:
  ✖ Too big: expected number to be <=65535
    (received undefined)
    (used default of 70000)
]
`;
